// Jest Snapshot v1, https://goo.gl/fbAQLP

exports[`init should create an init action 1`] = `
Object {
  "type": "@@router/INIT",
}
`;
