// Jest Snapshot v1, https://goo.gl/fbAQLP

exports[`toQueryString should returns the query string 1`] = `"object=with&some=values"`;
